// Jest Snapshot v1, https://goo.gl/fbAQLP

exports[`<FieldAction /> render 1`] = `
ShallowWrapper {
  Symbol(enzyme.__root__): [Circular],
  Symbol(enzyme.__unrendered__): <FieldAction
    classes={
      Object {
        "button": "button",
        "onConfirm": [MockFunction],
      }
    }
  />,
  Symbol(enzyme.__renderer__): Object {
    "batchedUpdates": [Function],
    "checkPropTypes": [Function],
    "getNode": [Function],
    "render": [Function],
    "simulateError": [Function],
    "simulateEvent": [Function],
    "unmount": [Function],
  },
  Symbol(enzyme.__node__): Object {
    "instance": null,
    "key": undefined,
    "nodeType": "host",
    "props": Object {
      "children": Array [
        <TextField
          onChange={[Function]}
          placeholder=""
          required={false}
          select={false}
          variant="standard"
        />,
        <WithStyles(Button)
          className="button"
          color="primary"
          onClick={[Function]}
          variant="contained"
        >
          ok
        </WithStyles(Button)>,
      ],
      "className": undefined,
    },
    "ref": null,
    "rendered": Array [
      Object {
        "instance": null,
        "key": undefined,
        "nodeType": "class",
        "props": Object {
          "onChange": [Function],
          "placeholder": "",
          "required": false,
          "select": false,
          "variant": "standard",
        },
        "ref": null,
        "rendered": null,
        "type": [Function],
      },
      Object {
        "instance": null,
        "key": undefined,
        "nodeType": "class",
        "props": Object {
          "children": "ok",
          "className": "button",
          "color": "primary",
          "onClick": [Function],
          "variant": "contained",
        },
        "ref": null,
        "rendered": "ok",
        "type": [Function],
      },
    ],
    "type": "div",
  },
  Symbol(enzyme.__nodes__): Array [
    Object {
      "instance": null,
      "key": undefined,
      "nodeType": "host",
      "props": Object {
        "children": Array [
          <TextField
            onChange={[Function]}
            placeholder=""
            required={false}
            select={false}
            variant="standard"
          />,
          <WithStyles(Button)
            className="button"
            color="primary"
            onClick={[Function]}
            variant="contained"
          >
            ok
          </WithStyles(Button)>,
        ],
        "className": undefined,
      },
      "ref": null,
      "rendered": Array [
        Object {
          "instance": null,
          "key": undefined,
          "nodeType": "class",
          "props": Object {
            "onChange": [Function],
            "placeholder": "",
            "required": false,
            "select": false,
            "variant": "standard",
          },
          "ref": null,
          "rendered": null,
          "type": [Function],
        },
        Object {
          "instance": null,
          "key": undefined,
          "nodeType": "class",
          "props": Object {
            "children": "ok",
            "className": "button",
            "color": "primary",
            "onClick": [Function],
            "variant": "contained",
          },
          "ref": null,
          "rendered": "ok",
          "type": [Function],
        },
      ],
      "type": "div",
    },
  ],
  Symbol(enzyme.__options__): Object {
    "adapter": ReactSixteenAdapter {
      "options": Object {
        "enableComponentDidUpdateOnSetState": true,
        "legacyContextMode": "parent",
        "lifecycles": Object {
          "componentDidUpdate": Object {
            "onSetState": true,
          },
          "getChildContext": Object {
            "calledByRenderer": false,
          },
          "getDerivedStateFromProps": true,
          "getSnapshotBeforeUpdate": true,
          "setState": Object {
            "skipsComponentDidUpdateOnNullish": true,
          },
        },
      },
    },
  },
}
`;
